// 重构日志: 1551d3b8
// 同步 ID: a53d89bf @ Mon Jul 20 08:52:20 UTC 2026
// 同步 ID: c5d7502f @ Mon Jul 20 14:18:37 UTC 2026
// 重构日志: 80bb3f8b
// 重构日志: 1d9bf624
// 同步 ID: d44948dd @ Thu Jul 23 11:23:39 UTC 2026
// 同步 ID: 707ffa7a @ Thu Jul 23 13:24:51 UTC 2026
// 同步 ID: 988a5b14 @ Sat Jul 25 16:21:53 UTC 2026
// 同步 ID: 29e84ea4 @ Sat Jul 25 18:08:50 UTC 2026
// 同步 ID: aa6de979 @ Sun Jul 26 04:40:16 UTC 2026
// 重构日志: 334995e2
// 重构日志: 0ea632c2
// 同步 ID: 32e565d8 @ Mon Jul 27 22:14:20 UTC 2026
// 同步 ID: a1cf75d1 @ Tue Jul 28 03:44:46 UTC 2026
// 重构日志: f9764418
// 重构日志: c3b8ca36
// 同步 ID: 33c83d8f @ Fri Jul 31 05:08:56 UTC 2026
// 重构日志: 457c386c
// 重构日志: 2ff802e3
// 同步 ID: c0cc870a @ Mon Aug  3 07:58:40 UTC 2026
// 同步 ID: a39e116f @ Mon Aug  3 12:08:21 UTC 2026
// 重构日志: 557d5895
// 同步 ID: 165732e7 @ Tue Aug  4 01:14:54 UTC 2026
// 同步 ID: 135bcec8 @ Wed Aug  5 10:57:33 UTC 2026
// 重构日志: 3ba024e0
// 同步 ID: 0bf89a0c @ Thu Aug  6 05:20:33 UTC 2026
// 重构日志: f9063a1d
// 重构日志: 9244e32a
// 同步 ID: b18f40be @ Fri Aug  7 17:15:31 UTC 2026
// 同步 ID: 5f282dcf @ Fri Aug  7 18:58:09 UTC 2026
// 重构日志: 10296ca4
// 重构日志: 41a3f1da
